> Task :core:domain:checkKotlinGradlePluginConfigurationErrors SKIPPED
> Task :core:domain:compileKotlin UP-TO-DATE
> Task :core:domain:compileJava NO-SOURCE
> Task :core:domain:processResources NO-SOURCE
> Task :core:domain:classes UP-TO-DATE
> Task :core:domain:jar UP-TO-DATE
> Task :core:designsystem:preBuild UP-TO-DATE
> Task :core:designsystem:preDebugBuild UP-TO-DATE
> Task :core:designsystem:generateDebugResources UP-TO-DATE
> Task :core:designsystem:packageDebugResources UP-TO-DATE
> Task :core:designsystem:processDebugNavigationResources UP-TO-DATE
> Task :core:designsystem:parseDebugLocalResources UP-TO-DATE
> Task :core:designsystem:generateDebugRFile UP-TO-DATE
> Task :core:designsystem:compileDebugKotlin UP-TO-DATE
> Task :core:designsystem:javaPreCompileDebug UP-TO-DATE
> Task :core:designsystem:compileDebugJavaWithJavac NO-SOURCE
> Task :core:designsystem:bundleLibCompileToJarDebug UP-TO-DATE
> Task :feature:home:preBuild UP-TO-DATE
> Task :feature:home:preDebugBuild UP-TO-DATE
> Task :feature:home:generateDebugResources UP-TO-DATE
> Task :feature:home:packageDebugResources UP-TO-DATE
> Task :feature:home:processDebugNavigationResources UP-TO-DATE
> Task :feature:home:parseDebugLocalResources UP-TO-DATE
> Task :feature:home:generateDebugRFile UP-TO-DATE
> Task :feature:home:kspDebugKotlin UP-TO-DATE

> Task :feature:home:compileDebugKotlin FAILED
e: file:///home/gerson/proyectos/kipu/feature/home/src/main/java/pe/kipu/feature/home/HomeScreen.kt:15:34 Unresolved reference 'icons'.
e: file:///home/gerson/proyectos/kipu/feature/home/src/main/java/pe/kipu/feature/home/HomeScreen.kt:16:34 Unresolved reference 'icons'.
e: file:///home/gerson/proyectos/kipu/feature/home/src/main/java/pe/kipu/feature/home/HomeScreen.kt:17:34 Unresolved reference 'icons'.
e: file:///home/gerson/proyectos/kipu/feature/home/src/main/java/pe/kipu/feature/home/HomeScreen.kt:18:34 Unresolved reference 'icons'.
e: file:///home/gerson/proyectos/kipu/feature/home/src/main/java/pe/kipu/feature/home/HomeScreen.kt:246:28 Unresolved reference 'Icons'.
e: file:///home/gerson/proyectos/kipu/feature/home/src/main/java/pe/kipu/feature/home/HomeScreen.kt:251:28 Unresolved reference 'Icons'.
e: file:///home/gerson/proyectos/kipu/feature/home/src/main/java/pe/kipu/feature/home/HomeScreen.kt:256:28 Unresolved reference 'Icons'.

FAILURE: Build failed with an exception.

* What went wrong:
Execution failed for task ':feature:home:compileDebugKotlin'.
> A failure occurred while executing org.jetbrains.kotlin.compilerRunner.GradleCompilerRunnerWithWorkers$GradleKotlinCompilerWorkAction
   > Compilation error. See log for more details

* Try:
> Run with --stacktrace option to get the stack trace.
> Run with --info or --debug option to get more log output.
> Run with --scan to get full insights from a Build Scan (powered by Develocity).
> Get more help at https://help.gradle.org.

BUILD FAILED in 2s
17 actionable tasks: 1 executed, 16 up-to-date
